// Vitest Snapshot v1, https://vitest.dev/guide/snapshot.html

exports[`ContentCard component styles > styled components should match snapshot 1`] = `
<DocumentFragment>
  .c0 {
  padding: 0.75rem 0.8125rem;
  position: relative;
  overflow: hidden;
}

.c0 #contents {
  position: relative;
  z-index: 2;
  margin-top: 3.375rem;
}

.c0 #contents #content-subdetail {
  font-size: 0.75rem;
}

.c0 #contents #content-detail {
  font-size: 0.85rem;
  font-weight: 200;
  display: -webkit-box;
  overflow: hidden;
  text-overflow: ellipsis;
  -webkit-box-orient: vertical;
  -webkit-line-clamp: 4;
}

.c0:hover #backdrop-image {
  transform: scale(1.209);
}

@media screen and (min-width: 1279px) {
  .c0 {
    padding: 1.5rem 1.6875rem;
  }

  .c0 #contents {
    margin-top: 0;
  }

  .c0 #contents #content-detail {
    font-size: 0.9375rem;
    -webkit-line-clamp: 3;
    margin-right: 35%;
  }
}

@media screen and (min-width: 1279px) {

}

@media screen and (min-width: 1279px) {

}

@media screen and (min-width: 1279px) {

}

<figure
    class="c0"
  />
</DocumentFragment>
`;

exports[`ContentCard component styles > styled components should match snapshot 2`] = `
<DocumentFragment>
  @media screen and (min-width: 1279px) {

}

@media screen and (min-width: 1279px) {

}

@media screen and (min-width: 1279px) {

}

@media screen and (min-width: 1279px) {

}

<a />
</DocumentFragment>
`;

exports[`ContentCard component styles > styled components should match snapshot 3`] = `
<DocumentFragment>
  @media screen and (min-width: 1279px) {

}

@media screen and (min-width: 1279px) {

}

@media screen and (min-width: 1279px) {

}

@media screen and (min-width: 1279px) {

}

<a />
</DocumentFragment>
`;

exports[`ContentCard component styles > styled components should match snapshot 4`] = `
<DocumentFragment>
  .c0 {
  z-index: 1;
  position: absolute;
  top: -10px;
  bottom: -10px;
  left: -10px;
  right: -10px;
  background-image: url(b);
  background-size: cover;
  background-position: top right;
}

.c0 img {
  transform: scale(1.1);
  transition: transform 0.3s ease-in-out;
  width: 100%;
  height: 100%;
  object-fit: cover;
}

.c0::after {
  content: '';
  position: absolute;
  inset: 0;
  background: linear-gradient(       360deg,       rgba(0, 0, 0, 0.91) 0%,       rgba(0, 0, 0, 0.85) 26.14%,       rgba(0, 0, 0, 0.71) 46.06%,       rgba(0, 0, 0, 0.4) 70.73%,       rgba(217, 217, 217, 0) 100%     );
  backdrop-filter: blur(2px);
}

@media screen and (min-width: 1279px) {

}

@media screen and (min-width: 1279px) {

}

@media screen and (min-width: 1279px) {

}

@media screen and (min-width: 1279px) {
  .c0 {
    background-image: url(a);
    background-position: right center;
  }

  .c0::after {
    background: linear-gradient(         90deg,         rgba(0, 0, 0, 0.91) 0%,         rgba(0, 0, 0, 0.85) 25%,         rgba(0, 0, 0, 0.71) 50%,         rgba(0, 0, 0, 0.4) 75%,         rgba(217, 217, 217, 0) 100%       );
  }
}

<div
    class="c0"
  />
</DocumentFragment>
`;
