// Vitest Snapshot v1, https://vitest.dev/guide/snapshot.html

exports[`Loading component styles > styled components should match snapshot 1`] = `
<DocumentFragment>
  .c0 {
  overflow: hidden;
  width: 100%;
  height: max-content;
}

.c0 span {
  display: block;
  width: 100%;
  height: 4px;
  background-color: rgb(199, 199, 199);
  animation: stripAnimation 1s infinite linear;
}

<div
    class="c0"
  />
</DocumentFragment>
`;
