// Vitest Snapshot v1, https://vitest.dev/guide/snapshot.html

exports[`Details page fragment: TVDetail styles > styled components should match snapshot 1`] = `
<DocumentFragment>
  .c0 {
  display: flex;
  flex-direction: column;
  gap: 1.5625rem;
  padding: 0 1.875rem;
}

.c0 #metadatas h3 {
  font-weight: 500;
  font-size: 1rem;
}

.c0 #metadatas h3 span {
  font-weight: 800;
}

.c0 #metadatas >div {
  margin-top: 0.5rem;
  display: flex;
  flex-wrap: wrap;
  gap: 0.375rem;
}

.c0 #metadatas:last-child p {
  margin-top: 0.5rem;
  font-size: 0.85rem;
  font-weight: 200;
}

@media screen and (min-width: 1279px) {
  .c0 {
    gap: 2rem;
    padding: 0 5.5rem;
  }

  .c0 #metadatas h3 {
    font-size: 2.125rem;
  }

  .c0 #metadatas >div {
    margin-top: 1rem;
    gap: 0.625rem;
  }

  .c0 #metadatas:last-child p {
    margin-top: 1rem;
    font-size: 1.5rem;
  }
}

@media screen and (min-width: 1279px) {

}

<section
    class="c0"
  />
</DocumentFragment>
`;

exports[`Details page fragment: TVDetail styles > styled components should match snapshot 2`] = `
<DocumentFragment>
  @media screen and (min-width: 1279px) {

}

@media screen and (min-width: 1279px) {

}

<figure />
</DocumentFragment>
`;
