// Vitest Snapshot v1, https://vitest.dev/guide/snapshot.html

exports[`SearchBox component styles > styled components should match snapshot 1`] = `
<DocumentFragment>
  .c0 {
  display: flex;
  align-items: center;
  width: max-content;
  gap: 1.25rem;
}

.c0 input {
  width: 11.875rem;
  background-color: transparent;
  border: none;
  color: rgb(199, 199, 199);
  font-size: 1.0625rem;
  line-height: 1.5;
}

.c0 input::placeholder {
  color: rgba(199, 199, 199, 0.5);
}

@media screen and (min-width: 1279px) {
  .c0 input {
    font-size: 1.3rem;
    width: 15rem;
  }
}

@media screen and (min-width: 1279px) {

}

<div
    class="c0"
  />
</DocumentFragment>
`;

exports[`SearchBox component styles > styled components should match snapshot 2`] = `
<DocumentFragment>
  .c0 {
  font-size: 1.25rem;
  cursor: pointer;
}

@media screen and (min-width: 1279px) {

}

@media screen and (min-width: 1279px) {
  .c0 {
    font-size: 2rem;
  }
}

<svg
    class="c0"
    fill="none"
    height="1em"
    viewBox="0 0 21 21"
    width="1em"
    xmlns="http://www.w3.org/2000/svg"
  >
    <path
      d="M17.6153 17.9231L14.0519 14.3596M14.0519 14.3596C14.6614 13.75 15.1449 13.0264 15.4748 12.23C15.8047 11.4336 15.9745 10.58 15.9745 9.71796C15.9745 8.85593 15.8047 8.00233 15.4748 7.20592C15.1449 6.40951 14.6614 5.68587 14.0519 5.07632C13.4423 4.46677 12.7187 3.98325 11.9223 3.65336C11.1258 3.32348 10.2723 3.15369 9.41022 3.15369C8.54819 3.15369 7.6946 3.32348 6.89818 3.65336C6.10177 3.98325 5.37813 4.46677 4.76858 5.07632C3.53754 6.30736 2.84595 7.97701 2.84595 9.71796C2.84595 11.4589 3.53754 13.1286 4.76858 14.3596C5.99962 15.5906 7.66927 16.2822 9.41022 16.2822C11.1512 16.2822 12.8208 15.5906 14.0519 14.3596Z"
      stroke="currentColor"
      stroke-linecap="round"
      stroke-linejoin="round"
      stroke-width="0.820513"
    />
  </svg>
</DocumentFragment>
`;
