// Vitest Snapshot v1, https://vitest.dev/guide/snapshot.html

exports[`Pill component styles > styled components should match snapshot 1`] = `
<DocumentFragment>
  .c0 {
  background-color: rgb(199, 199, 199);
  padding: 0.25rem 0.375rem;
  border-radius: 0.25rem;
}

.c0 p {
  color: rgb(0, 0, 0);
  font-size: 0.625rem;
  font-weight: 500;
}

@media screen and (min-width: 1279px) {
  .c0 {
    padding: 0.375rem 0.5rem;
  }

  .c0 p {
    color: rgb(0, 0, 0);
    font-size: 1rem;
  }
}

<figure
    class="c0"
  />
</DocumentFragment>
`;
