// Vitest Snapshot v1, https://vitest.dev/guide/snapshot.html

exports[`Footer component styles > styled components should match snapshot 1`] = `
<DocumentFragment>
  .c0 {
  padding: 1rem 0;
  border-top: 1px solid;
  border-color: rgba(199, 199, 199, 0.5);
  margin-top: 1.25rem;
}

.c0 p {
  font-size: 0.75rem;
  font-weight: 200;
  text-align: center;
  color: rgba(199, 199, 199, 0.7);
}

@media screen and (min-width: 1279px) {
  .c0 {
    margin-top: 2.1875rem;
  }

  .c0 p {
    font-size: 1rem;
  }
}

<footer
    class="c0"
  />
</DocumentFragment>
`;
